main.c:149:5:main	8	static
main.c:330:6:SystemClock_Config	72	static
main.c:368:13:MX_TIM2_Init	32	static
main.c:413:13:MX_USART1_UART_Init	8	static
main.c:446:13:MX_GPIO_Init	40	static
main.c:506:6:HAL_UART_RxCpltCallback	16	static
main.c:549:6:HAL_TIM_PeriodElapsedCallback	16	static
main.c:576:6:Limpia_Recep	16	static
main.c:606:6:Limpia_Pr	16	static
main.c:617:5:Valida_Cksum	16	static
main.c:646:5:Lectura_Trama	24	static
main.c:689:6:Genera_Trama_ACK_ERROR	16	static
main.c:761:6:Genera_Trama_RLT	16	static
main.c:888:6:Genera_Valores_RLT	40	static
main.c:950:5:Valida_Entradas	16	static
main.c:968:6:Envio_tx	8	static
main.c:989:6:Error_Handler	4	static
