main.c:149:5:main	8	static
main.c:317:6:SystemClock_Config	72	static
main.c:355:13:MX_TIM2_Init	32	static
main.c:400:13:MX_USART1_UART_Init	8	static
main.c:433:13:MX_GPIO_Init	40	static
main.c:493:6:HAL_UART_RxCpltCallback	16	static
main.c:536:6:HAL_TIM_PeriodElapsedCallback	16	static
main.c:563:6:Limpia_Recep	16	static
main.c:593:6:Limpia_Pr	16	static
main.c:604:5:Valida_Cksum	16	static
main.c:633:5:Lectura_Trama	24	static
main.c:676:6:Genera_Trama_ACK_ERROR	16	static
main.c:748:6:Genera_Trama_RLT	16	static
main.c:875:6:Genera_Valores_RLT	40	static
main.c:937:5:Valida_Entradas	16	static
main.c:955:6:Envio_tx	8	static
main.c:976:6:Error_Handler	4	static
